
> cricket-impact-mvp@0.0.0 build
> vite build

[36mvite v5.4.21 [32mbuilding for production...[36m[39m
transforming...
[32mΓ£ô[39m 20 modules transformed.
node.exe : 
[31mx[39m Build 
failed in 2.45s
At line:1 char:1
+ & "C:\Program Files\
nodejs/node.exe" 
"C:\Program 
Files\nodejs/node_mo 
...
+ ~~~~~~~~~~~~~~~~~~~~
~~~~~~~~~~~~~~~~~~~~~~
~~~~~~~~~~~~~~~~~~~~~~
~~~~~
    + CategoryInfo    
          : NotSpeci  
  fied: ([31mx[39   
 m Build failed in    
 2.45s:String) []    
, RemoteException
    + FullyQualifiedE 
   rrorId : NativeCo  
  mmandError
 
[31merror during 
build:
[31mCould not 
resolve 
"./lib/loadDataset" 
from "src/pages/Impact
Calculator.jsx"[31m
file: [36mC:/Users/MI
SARI/Desktop/xyz/src/p
ages/ImpactCalculator.
jsx[31m
    at getRollupError 
(file:///C:/Users/MISA
RI/Desktop/xyz/node_mo
dules/rollup/dist/es/s
hared/parseAst.js:402:
41)
    at error (file:///
C:/Users/MISARI/Deskto
p/xyz/node_modules/rol
lup/dist/es/shared/par
seAst.js:398:42)
    at ModuleLoader.ha
ndleInvalidResolvedId 
(file:///C:/Users/MISA
RI/Desktop/xyz/node_mo
dules/rollup/dist/es/s
hared/node-entry.js:21
710:24)
    at file:///C:/User
s/MISARI/Desktop/xyz/n
ode_modules/rollup/dis
t/es/shared/node-entry
.js:21670:26[39m
